// Jest Snapshot v1, https://goo.gl/fbAQLP

exports[`renders correctly 1`] = `
<Text
  style={
    Array [
      undefined,
      Object {
        "color": "rgba(96,100,109, 1)",
        "fontSize": 17,
        "textAlign": "center",
      },
      Object {
        "fontFamily": "space-mono",
      },
    ]
  }
>
  Snapshot test!
</Text>
`;
